// Jest Snapshot v1, https://goo.gl/fbAQLP

exports[`renders learn react link 1`] = `
Object {
  "asFragment": [Function],
  "baseElement": <body>
    <div>
      <div
        class="App"
      >
        <div
          class="blank"
        >
          <div
            class="home-body"
          >
            <div>
              <a>
                <img
                  class="land-logo"
                  src="land-logo.png"
                />
              </a>
            </div>
            <div
              class="home-background-title"
            >
              Test the waters before you dive in
            </div>
            <div
              class="home-background-content"
            >
              Express interest in emerging DeFi projects, risk-free
            </div>
            <div
              class="home-background-button-body"
            >
              <button
                class="MuiButtonBase-root MuiButton-root MuiButton-text home-background-button"
                id="explore_pools"
                tabindex="0"
                type="button"
              >
                <span
                  class="MuiButton-label"
                >
                  EXPLORE POOLS
                </span>
                <span
                  class="MuiTouchRipple-root"
                />
              </button>
            </div>
            <div
              class="home-background"
            />
            <div
              class="content"
            >
              <div
                class="content-title"
              >
                How it works
              </div>
              <div
                class="content-sub"
              >
                <div
                  class="content-subtitle"
                >
                  1. Discover great projects
                </div>
                <div
                  class="content-subcontent"
                >
                  Tempor sunt dolore incididunt amet. Sunt sunt sint mollit incididunt nulla officia ut aliquip magna. Qui duis ea ut aliqua cupidatat exercitation in.
                </div>
              </div>
              <div
                class="content-sub"
              >
                <div
                  class="content-subtitle"
                >
                  2. Stake your risk-free claim
                </div>
                <div
                  class="content-subcontent"
                >
                  Tempor sunt dolore incididunt amet. Sunt sunt sint mollit incididunt nulla officia ut aliquip magna. Qui duis ea ut aliqua cupidatat exercitation in.
                </div>
              </div>
              <div
                class="content-sub"
              >
                <div
                  class="content-subtitle"
                >
                  3. Get an offer and commit
                </div>
                <div
                  class="content-subcontent"
                >
                  Tempor sunt dolore incididunt amet. Sunt sunt sint mollit incididunt nulla officia ut aliquip magna. Qui duis ea ut aliqua cupidatat exercitation in.
                </div>
              </div>
              <div
                class="content-endcontent"
              >
                Staking reserves your place for a future offering on this project.
                <br />
                <br />
                While staked, your funds earn interest at market rates and you may withdraw them at any time, risk-free.
                <br />
                <br />
                If the project sponsor creates an offer, you will be contacted and given the option to make a firm commitment.
              </div>
            </div>
          </div>
        </div>
      </div>
    </div>
  </body>,
  "container": <div>
    <div
      class="App"
    >
      <div
        class="blank"
      >
        <div
          class="home-body"
        >
          <div>
            <a>
              <img
                class="land-logo"
                src="land-logo.png"
              />
            </a>
          </div>
          <div
            class="home-background-title"
          >
            Test the waters before you dive in
          </div>
          <div
            class="home-background-content"
          >
            Express interest in emerging DeFi projects, risk-free
          </div>
          <div
            class="home-background-button-body"
          >
            <button
              class="MuiButtonBase-root MuiButton-root MuiButton-text home-background-button"
              id="explore_pools"
              tabindex="0"
              type="button"
            >
              <span
                class="MuiButton-label"
              >
                EXPLORE POOLS
              </span>
              <span
                class="MuiTouchRipple-root"
              />
            </button>
          </div>
          <div
            class="home-background"
          />
          <div
            class="content"
          >
            <div
              class="content-title"
            >
              How it works
            </div>
            <div
              class="content-sub"
            >
              <div
                class="content-subtitle"
              >
                1. Discover great projects
              </div>
              <div
                class="content-subcontent"
              >
                Tempor sunt dolore incididunt amet. Sunt sunt sint mollit incididunt nulla officia ut aliquip magna. Qui duis ea ut aliqua cupidatat exercitation in.
              </div>
            </div>
            <div
              class="content-sub"
            >
              <div
                class="content-subtitle"
              >
                2. Stake your risk-free claim
              </div>
              <div
                class="content-subcontent"
              >
                Tempor sunt dolore incididunt amet. Sunt sunt sint mollit incididunt nulla officia ut aliquip magna. Qui duis ea ut aliqua cupidatat exercitation in.
              </div>
            </div>
            <div
              class="content-sub"
            >
              <div
                class="content-subtitle"
              >
                3. Get an offer and commit
              </div>
              <div
                class="content-subcontent"
              >
                Tempor sunt dolore incididunt amet. Sunt sunt sint mollit incididunt nulla officia ut aliquip magna. Qui duis ea ut aliqua cupidatat exercitation in.
              </div>
            </div>
            <div
              class="content-endcontent"
            >
              Staking reserves your place for a future offering on this project.
              <br />
              <br />
              While staked, your funds earn interest at market rates and you may withdraw them at any time, risk-free.
              <br />
              <br />
              If the project sponsor creates an offer, you will be contacted and given the option to make a firm commitment.
            </div>
          </div>
        </div>
      </div>
    </div>
  </div>,
  "debug": [Function],
  "findAllByAltText": [Function],
  "findAllByDisplayValue": [Function],
  "findAllByLabelText": [Function],
  "findAllByPlaceholderText": [Function],
  "findAllByRole": [Function],
  "findAllByTestId": [Function],
  "findAllByText": [Function],
  "findAllByTitle": [Function],
  "findByAltText": [Function],
  "findByDisplayValue": [Function],
  "findByLabelText": [Function],
  "findByPlaceholderText": [Function],
  "findByRole": [Function],
  "findByTestId": [Function],
  "findByText": [Function],
  "findByTitle": [Function],
  "getAllByAltText": [Function],
  "getAllByDisplayValue": [Function],
  "getAllByLabelText": [Function],
  "getAllByPlaceholderText": [Function],
  "getAllByRole": [Function],
  "getAllByTestId": [Function],
  "getAllByText": [Function],
  "getAllByTitle": [Function],
  "getByAltText": [Function],
  "getByDisplayValue": [Function],
  "getByLabelText": [Function],
  "getByPlaceholderText": [Function],
  "getByRole": [Function],
  "getByTestId": [Function],
  "getByText": [Function],
  "getByTitle": [Function],
  "queryAllByAltText": [Function],
  "queryAllByDisplayValue": [Function],
  "queryAllByLabelText": [Function],
  "queryAllByPlaceholderText": [Function],
  "queryAllByRole": [Function],
  "queryAllByTestId": [Function],
  "queryAllByText": [Function],
  "queryAllByTitle": [Function],
  "queryByAltText": [Function],
  "queryByDisplayValue": [Function],
  "queryByLabelText": [Function],
  "queryByPlaceholderText": [Function],
  "queryByRole": [Function],
  "queryByTestId": [Function],
  "queryByText": [Function],
  "queryByTitle": [Function],
  "rerender": [Function],
  "unmount": [Function],
}
`;
